# Informe del sistema

## Procesos del sistema (ps)
```
    PID TTY          TIME CMD
  16012 pts/1    00:00:00 bash
  17184 pts/1    00:00:00 java
  17203 pts/1    00:00:00 ps
```

## Espacio en disco (df)
```
Filesystem                    1K-blocks    Used Available Use% Mounted on
udev                            4032596       0   4032596   0% /dev
tmpfs                            813184     688    812496   1% /run
/dev/mapper/debian12--vg-root  23852880 5096412  17519476  23% /
tmpfs                           4065912   45152   4020760   2% /dev/shm
tmpfs                              5120       0      5120   0% /run/lock
/dev/mapper/debian12--vg-var    9509056 2577056   6427376  29% /var
/dev/mapper/debian12--vg-tmp    1880592     156   1766568   1% /tmp
/dev/sda1                        465124  211976    228214  49% /boot
/dev/mapper/debian12--vg-home 219851752 3949084 204662016   2% /home
tmpfs                            813180      28    813152   1% /run/user/1000
```

## Memoria disponible (free)
```
               total        used        free      shared  buff/cache   available
Mem:         8131828     3494408     3540412       67424     1423476     4637420
Swap:         999420           0      999420
```

