# Informe del sistema

## Procesos del sistema (ps)
```
    PID TTY          TIME CMD
   5230 pts/1    00:00:00 bash
   5243 pts/1    00:00:00 java
   5263 pts/1    00:00:00 ps
```

## Espacio en disco (df)
```
Filesystem                    1K-blocks    Used Available Use% Mounted on
udev                            4032596       0   4032596   0% /dev
tmpfs                            813184     688    812496   1% /run
/dev/mapper/debian12--vg-root  23852880 5096412  17519476  23% /
tmpfs                           4065912   44088   4021824   2% /dev/shm
tmpfs                              5120       0      5120   0% /run/lock
/dev/mapper/debian12--vg-var    9509056 2577052   6427380  29% /var
/dev/mapper/debian12--vg-tmp    1880592     168   1766556   1% /tmp
/dev/sda1                        465124  211976    228214  49% /boot
/dev/mapper/debian12--vg-home 219851752 3918368 204692732   2% /home
tmpfs                            813180      32    813148   1% /run/user/1000
```

## Memoria disponible (free)
```
               total        used        free      shared  buff/cache   available
Mem:         8131828     2797312     4260116       66516     1400332     5334516
Swap:         999420           0      999420
```

